C51 COMPILER V9.01   BIAOQING                                                              05/04/2017 20:41:03 PAGE 1   


C51 COMPILER V9.01, COMPILATION OF MODULE BIAOQING
OBJECT MODULE PLACED IN biaoqing.OBJ
COMPILER INVOKED BY: C:\Keil\C51\BIN\C51.EXE biaoqing.c BROWSE DEBUG OBJECTEXTEND

line level    source

   1          #include<reg52.h>
   2          #include<intrins.h>
   3          #define uint unsigned int
   4          #define uchar unsigned char
   5          /************************************************************************************/
   6          
   7          /*********************************函数声明*******************************************/
   8          void disp1(void);                                            //显示函数
   9          void out595(void);                                               //74HC595确认发送数据函数
  10          void delay(uint i);                      //延时函数
  11          void send595r(uchar dat1,uchar dat2);    //595发送红数据
  12          
  13          /************************************************************************************/
  14          #define A1 P1            //扫描信号P1端口  (A B C D 扫描信号)
  15          uint which_face;
  16          sbit ST_CP=P2^3;         //锁存信号
  17          sbit SH_CP=P2^4;         //时钟信号
  18          sbit oe=P2^6;
  19          sbit DSR=P2^5;       //数据信号  
  20          sbit DSR0=P2^7                                                                                            
             -                                                                                                                        
             -                                                                                                                        
             -                                                           ;           //红数据信号
  21          /************************************************************************************/
  22          
  23          /**********************位码，16行扫、控制扫描哪一行**********************************/
  24          static uchar code bit_dat[16]=
  25          {0X00,0X01,0X02,0X03,0X04,0X05,0X06,0X07,0x08,0x09,0x0a,0x0b,0x0c,0x0d,0x0e,0x0f};
  26          /*********************汉字代码“阳码、顺向、逐行式”*********************/
  27          
  28          static uchar code dat0[128]=
  29          {0xFF,0xFF,0x7F,0xFF,0xFF,0xFF,0x7F,0xFF,0xFD,0xFF,0x7F,0xDF,0xFD,0xFF,0x7F,0xDF,0xFC,0x00,0x00,0x1F,0xFF,
             -0xFF,0xFF,0xFF,0xFF,0x07,0xFE,0xFF,0xFF,0xDF,0xF2,0xFF,
  30          0xFF,0xDF,0xFA,0xFF,0xFF,0xDF,0xFE,0xFF,0xFF,0xDF,0xF6,0xFF,0xF0,0x00,0xF2,0xFF,0xFF,0x0F,0xFE,0xFF,0xFE,0
             -x47,0x80,0x0F,0xFC,0xD3,0xFE,0xFF,0xFF,0xFF,0xFF,0xFF,
  31          0xF9,0xDB,0xFE,0xFF,0xF3,0xDF,0xFE,0xFF,0xF7,0xDF,0xFE,0xFF,0xFF,0xDF,0xFE,0xFF,0xFF,0xDF,0x7E,0xFF,0xFF,0
             -xDF,0x7E,0xFF,0xFF,0xDF,0x7E,0xFF,0xFF,0xFF,0x7F,0xFF,
  32          0xFC,0x00,0x00,0x1F,0xFF,0xFC,0x9F,0xFF,0xFF,0xF9,0xCF,0xFF,0xFF,0xF3,0xE7,0xFF,0xFF,0xE7,0xF3,0xFF,0xFF,0
             -xCF,0xF9,0xFF,0xF8,0x1F,0xFC,0x0F,0xFF,0xFF,0xFF,0xFF};/*"山科大",0*/
  33          
  34          
  35          static uchar code dat1[128]=
  36          
  37          {0xFF,0xFF,0xFF,0xFF,0xFF,0xFF,0xFF,0xFF,0xFF,0xFF,0xFF,0xFF,0xFF,0xFF,0xFF,0xFF,
  38          0xFF,0xFF,0xFF,0xFF,0xFF,0xFF,0xFF,0xFF,0xF8,0x7F,0xFE,0x1F,0xF3,0x3F,0xFC,0xCF,
  39          0xE7,0x9F,0xF9,0xE7,0xCF,0xCF,0xF3,0xF3,0xDF,0xEF,0xF7,0xFB,0xFF,0xFF,0xFF,0xFF,
  40          0xFF,0xFF,0xFF,0xFF,0xFF,0xFF,0xFF,0xFF,0xFF,0xFF,0xFF,0xFF,0xFF,0xFF,0xFF,0xFF,
  41          0xFF,0xFF,0xFF,0xFF,0xFF,0xFF,0xFF,0xFF,0xFF,0xFF,0xFF,0xFF,0xFF,0xFF,0xFF,0xFF,
  42          0xFF,0xFF,0xFF,0xFF,0xFF,0xFF,0xFF,0x3F,0xFF,0xFF,0xFE,0x1F,0xFF,0xFF,0xFC,0x1F,
  43          0xFD,0xFF,0xF8,0x1F,0xFC,0xFF,0xF8,0x3F,0xFE,0x7F,0xF0,0x3F,0xFF,0x00,0x00,0xFF,
  44          0xFF,0xFF,0xFF,0xFF,0xFF,0xFF,0xFF,0xFF,0xFF,0xFF,0xFF,0xFF,0xFF,0xFF,0xFF,0xFF};/*可爱1.BMP",0*/
  45          
  46          static uchar code dat2[128]=
  47          
  48          {0xFF,0xFF,0xFF,0xFF,0xFF,0xFF,0xFF,0xFF,0xFF,0xFF,0xFF,0xFF,0xFF,0xFF,0xFF,0xFF,
C51 COMPILER V9.01   BIAOQING                                                              05/04/2017 20:41:03 PAGE 2   

  49          0xFF,0xFF,0xFF,0xFF,0xFF,0xFF,0xFF,0xFF,0xFC,0x3F,0xFC,0x7F,0xF9,0xBF,0xF1,0x7F,
  50          0xE0,0x3F,0xE0,0x3F,0xE1,0x9F,0xE6,0xFF,0xFA,0x9F,0xE1,0x3F,0xE3,0x1F,0xE8,0xBF,
  51          0xF3,0x1F,0xE6,0xBF,0xF0,0x3F,0xE0,0x7F,0xFF,0xFF,0xFF,0xFF,0xFF,0xFF,0xFF,0xFF,
  52          0xFF,0xFF,0xFF,0xFF,0xFF,0xFF,0xFF,0xFF,0xFF,0xFF,0xFF,0xFF,0xFF,0xFF,0xFF,0xFF,
  53          0xFF,0xFF,0xFF,0xFF,0xFF,0xFF,0xFF,0xFF,0xFF,0xFF,0xFF,0xFF,0xFF,0xFF,0xFF,0xFF,
  54          0xFF,0xFF,0xFF,0xFF,0xFF,0xF0,0x1F,0xFF,0xFF,0xE0,0x0F,0xFF,0xFF,0xCF,0xE7,0xFF,
  55          0xFF,0x9F,0xF3,0xFF,0xFF,0xFF,0xFF,0xFF,0xFF,0xFF,0xFF,0xFF,0xFF,0xFF,0xFF,0xFF};/*可怜2.BMP",0*/
  56           
  57          static uchar code dat3[128]=
  58          {0xFF,0xFF,0xFF,0xFF,0xFF,0xFF,0xFF,0xFF,0xFF,0xFF,0xFF,0xFF,0xFF,0xFF,0xFF,0xFF,
  59          0xFF,0xFF,0xFF,0xFF,0xFF,0xFF,0xFF,0xFF,0xE7,0xFF,0xFF,0xE7,0xF3,0xFF,0xFF,0xCF,
  60          0xF9,0xFF,0xFF,0x9F,0xFC,0xFF,0xFF,0x3F,0xFE,0x7F,0xFE,0x7F,0xFF,0x3F,0xFC,0xFF,
  61          0xFF,0x9F,0xF9,0xFF,0xFF,0xCF,0xF3,0xFF,0x80,0x0F,0xF0,0x01,0xFF,0xFF,0xFF,0xFF,
  62          0xFF,0xFF,0xFF,0xFF,0xFF,0xFF,0xFF,0xFF,0xFF,0xFF,0xFF,0xFF,0xFF,0xFF,0xFF,0xFF,
  63          0xFF,0xFF,0xFF,0xFF,0xFF,0xFF,0xFF,0xFF,0xFF,0xFF,0xFF,0xFF,0xFF,0xFF,0xFF,0xFF,
  64          0xFF,0xFF,0xFF,0xFF,0xFF,0xF0,0x0F,0xFF,0xFF,0xE0,0x07,0xFF,0xFF,0xCF,0xF3,0xFF,
  65          0xFF,0x9F,0xF9,0xFF,0xFF,0x9F,0xF9,0xFF,0xFF,0xFF,0xFF,0xFF,0xFF,0xFF,0xFF,0xFF};/*愤怒3.BMP",0*/
  66          
  67          static uchar code dat4[128]=
  68          
  69          {0xFF,0xFF,0xFF,0xFF,0xFF,0xFF,0xFF,0xFF,0xFF,0xFF,0xFF,0xFF,0xFF,0xFF,0xFF,0xFF,
  70          0xFF,0xFF,0xFF,0xFF,0xFF,0xFF,0xFF,0xFF,0xFF,0xFF,0xFF,0xFF,0xFF,0xFF,0xFF,0xFF,
  71          0xF8,0x3F,0xFC,0x1F,0xF7,0x9F,0xF9,0xCF,0xEF,0xCF,0xF3,0xE7,0xCF,0xE7,0xF7,0xF3,
  72          0xDF,0xF7,0xEF,0xFB,0xFF,0xFF,0xFF,0xFF,0xFF,0xFF,0xFF,0xFF,0xFF,0xFF,0xFF,0xFF,
  73          0xFF,0xFF,0xFF,0xFF,0xFF,0xFF,0xFF,0xFF,0xFF,0xFF,0xFF,0xFF,0xFF,0xFF,0xFF,0xFF,
  74          0xFF,0xFF,0xFF,0xFF,0xFF,0xFF,0xFF,0xFF,0xFF,0xFF,0xFF,0xFF,0xFF,0xFF,0xFF,0xFF,
  75          0xFF,0xFF,0xFF,0xFF,0xFF,0xF0,0x07,0xFF,0xFF,0xF5,0x57,0xFF,0xFF,0xF5,0x57,0xFF,
  76          0xFF,0xF5,0x57,0xFF,0xFF,0xF8,0x0F,0xFF,0xFF,0xFF,0xFF,0xFF,0xFF,0xFF,0xFF,0xFF};/*"偷笑4.BMP",0*/
  77          
  78          static uchar code dat5[128]=  
  79          {0xFF,0xFF,0xFF,0xFF,0xFF,0xFF,0xFF,0xFF,0xFF,0x0F,0xFE,0x1F,0xFE,0x27,0xFC,0x4F,
  80          0xFC,0x73,0xF8,0xE7,0xFC,0xCB,0xF9,0x97,0xFD,0xDB,0xFB,0x27,0xFD,0xB3,0xFB,0x67,
  81          0xFD,0xB7,0xFB,0x6F,0xFD,0x87,0xFB,0x0F,0xFC,0xFF,0xF9,0xFF,0xFE,0x07,0xFC,0x0F,
  82          0xFF,0xFF,0xFF,0xFF,0xFF,0xFF,0xFF,0xFF,0xFF,0xFF,0xFF,0xFF,0xFF,0xFF,0xFF,0xFF,
  83          0xFF,0xFF,0xFF,0xFF,0xFF,0xFF,0xFF,0xFF,0xFF,0xFF,0xFF,0xFF,0xFF,0xFF,0xFF,0xFF,
  84          0xFF,0xFF,0xFF,0xFF,0xFF,0xFF,0xFF,0xFF,0xFF,0xFF,0xFF,0xFF,0xFF,0xFE,0x1F,0xFF,
  85          0xFF,0xFE,0xDF,0xFF,0xFF,0xFE,0xDF,0xFF,0xFF,0xFE,0x1F,0xFF,0xFF,0xFF,0xFF,0xFF,
  86          0xFF,0xFF,0xFF,0xFF,0xFF,0xFF,0xFF,0xFF,0xFF,0xFF,0xFF,0xFF,0xFF,0xFF,0xFF,0xFF};/*"晕5.BMP",0*/
  87          
  88          
  89          static uchar code dat6[128]=
  90          {0xFF,0xFF,0xFF,0xFF,0xFF,0xFF,0xFF,0xFF,0xFF,0xFF,0xFF,0xFF,0xFF,0xFF,0xFF,0xFF,
  91          0xFC,0x7F,0xFE,0x3F,0xF8,0x3F,0xFC,0x07,0xE3,0x9F,0xF9,0xE7,0xE7,0xCF,0xF3,0xF3,
  92          0xCF,0xEF,0xF7,0xFB,0xCF,0xE7,0xE7,0xFB,0xDF,0xF7,0xEF,0xFF,0xFF,0xFF,0xFF,0xFF,
  93          0xFF,0xFF,0xFF,0xFF,0xFF,0xFF,0xFF,0xFF,0xFF,0xFF,0xFF,0xFF,0xFF,0xFF,0xFF,0xFF,
  94          0xFF,0xFF,0xFF,0xFF,0xFF,0xFF,0xFF,0xFF,0xFF,0xFF,0xFF,0xFF,0xFF,0xFF,0xFF,0xFF,
  95          0xFF,0xFF,0xFF,0xFF,0xF9,0xFF,0xFF,0x9F,0xFC,0xFF,0xFF,0x1F,0xFE,0x7F,0xFC,0x3F,
  96          0xFF,0x3F,0xF0,0xFF,0xFF,0x80,0x03,0xFF,0xFF,0xE0,0x0F,0xFF,0xFF,0xFF,0xFF,0xFF,
  97          0xFF,0xFF,0xFF,0xFF,0xFF,0xFF,0xFF,0xFF,0xFF,0xFF,0xFF,0xFF,0xFF,0xFF,0xFF,0xFF};/*笑脸6.BMP",0*/
  98          
  99          
 100          
 101           static uchar code dat7[128]=
 102          {0xFF,0xFF,0xFF,0xFF,0xFF,0xFF,0xFF,0xFF,0xFF,0xFF,0xFF,0xFF,0xC0,0x00,0x00,0x03,
 103          0xDF,0xFF,0xFF,0xFB,0xDF,0xFF,0xFF,0xFB,0xDF,0xFF,0xFF,0xFB,0xDF,0xFF,0xFF,0xFB,
 104          0xDF,0xDF,0xFB,0xFB,0xDF,0xBF,0xFD,0xFB,0xDF,0x7F,0xFE,0xFB,0xDE,0xFF,0xFF,0x7B,
 105          0xDD,0xFF,0xFF,0xBB,0xDB,0xFF,0xFF,0xDB,0xD7,0xFF,0xFF,0xEB,0xDF,0xFF,0xFF,0xFB,
 106          0xDF,0xFE,0x7F,0xFB,0xDF,0xFE,0x7F,0xFB,0xDF,0xFF,0xFF,0xFB,0xDF,0xFF,0xFF,0xFB,
 107          0xDF,0xFF,0xFF,0xFB,0xDF,0xFF,0xFF,0xFB,0xDF,0xFF,0xFF,0xFB,0xDF,0xE0,0x07,0xFB,
 108          0xDF,0xEF,0xF7,0xFB,0xDF,0xEF,0xF7,0xFB,0xDF,0xEF,0xF7,0xFB,0xDF,0xE0,0x07,0xFB,
 109          0xDF,0xFF,0xFF,0xFB,0xC0,0x00,0x00,0x03,0xFF,0xFF,0xFF,0xFF,0xFF,0xFF,0xFF,0xFF};/*"囧.BMP",0*/
 110          
C51 COMPILER V9.01   BIAOQING                                                              05/04/2017 20:41:03 PAGE 3   

 111          
 112           static uchar code dat8[128]=
 113          {0xFF,0xFF,0xFF,0xFF,0xFF,0xFF,0xFF,0xFF,0xFF,0xFF,0xFF,0xFF,0xFF,0xFF,0xFF,0xFF,
 114           0xFF,0xFF,0xFF,0xFF,0xFF,0xFF,0xFF,0xFF,0xFE,0x3F,0xFF,0xFF,0xFC,0x1F,0xFF,0xFF,
 115           0xFB,0xEF,0xFF,0xCF,0xF3,0xE7,0xFF,0x3F,0xF3,0x67,0xFC,0xFF,0xF3,0xE7,0xF3,0xFF,
 116           0xFB,0xEF,0xFF,0xFF,0xFC,0x1F,0xFF,0xFF,0xFE,0x3F,0xFF,0xFF,0xFF,0xFF,0xFF,0xFF,
 117           0xFF,0xFF,0xFF,0xFF,0xFF,0xFE,0x7F,0xFF,0xFF,0xFE,0x7F,0xFF,0xFF,0xFF,0xFF,0xFF,
 118           0xFF,0xFF,0xFF,0xFF,0xFF,0xFF,0xFF,0xFF,0xFE,0x7F,0xFE,0x7F,0xFF,0x3F,0xFC,0xFF,
 119           0xFF,0x8F,0xF9,0xFF,0xFF,0xE0,0x07,0xFF,0xFF,0xFF,0xFF,0xFF,0xFF,0xFF,0xFF,0xFF,
 120           0xFF,0xFF,0xFF,0xFF,0xFF,0xFF,0xFF,0xFF,0xFF,0xFF,0xFF,0xFF,0xFF,0xFF,0xFF,0xFF};/*"俏皮.BMP",0*/
 121          
 122          
 123           static uchar code dat9[128]=
 124          {0xFF,0xFF,0xFF,0xFF,0xFF,0xFF,0xFF,0xFF,0xFF,0xFF,0xFF,0xFF,0xFF,0xFF,0xFF,0xFF,
 125          0xFF,0xFF,0xFF,0xFF,0xFF,0xFF,0xFF,0xFF,0xFF,0xFF,0xFF,0xFF,0xFE,0x0F,0xF0,0x7F,
 126          0xFE,0xEF,0xF7,0x7F,0xFE,0xEF,0xF7,0x7F,0xF0,0xEF,0xF7,0x0F,0xF7,0x6F,0xF6,0xEF,
 127          0xF7,0xEF,0xF7,0xEF,0xF7,0xEF,0xF7,0xEF,0xF0,0x0F,0xF0,0x0F,0xFF,0xFF,0xFF,0xFF,
 128          0xFF,0xFF,0xFF,0xFF,0xFF,0xFE,0x7F,0xFF,0xFF,0xFE,0x7F,0xFF,0xFF,0xFF,0xFF,0xFF,
 129          0xFF,0xFF,0xFF,0xFF,0xFF,0xFF,0xFF,0xFF,0xFF,0xFF,0xFF,0xFF,0xFF,0xFF,0xFF,0xFF,
 130          0xFF,0xC0,0x03,0xFF,0xFF,0xBF,0xFD,0xFF,0xFF,0x7F,0xFE,0xFF,0xFF,0xFF,0xFF,0xFF,
 131          0xFF,0xFF,0xFF,0xFF,0xFF,0xFF,0xFF,0xFF,0xFF,0xFF,0xFF,0xFF,0xFF,0xFF,0xFF,0xFF};/*"悲伤.BMP",0*/
 132          
 133          
 134          
 135           static uchar code dat10[128]=
 136          {0xFF,0xFF,0xFF,0xFF,0xFF,0xFF,0xFF,0xFF,0xFF,0xFF,0xFF,0xFF,0xFF,0xFF,0xFF,0xFF,
 137          0xFF,0xFF,0xFF,0xFF,0xE7,0xCF,0xF3,0xE7,0xDB,0xB7,0xED,0xDB,0xDD,0x77,0xEE,0xBB,
 138          0xDE,0xF7,0xEF,0x7B,0xDF,0xF7,0xEF,0xFB,0xEF,0xEF,0xF7,0xF7,0xF7,0xDF,0xFB,0xEF,
 139          0xFB,0xBF,0xFD,0xDF,0xFC,0x7F,0xFE,0x3F,0xFF,0xFF,0xFF,0xFF,0xFF,0xFF,0xFF,0xFF,
 140          0xFF,0xFF,0xFF,0xFF,0xFF,0xFE,0x7F,0xFF,0xFF,0xFE,0x7F,0xFF,0xFF,0xFF,0xFF,0xFF,
 141          0xFF,0xFF,0xFF,0xFF,0xFF,0xFF,0xFF,0xFF,0xFF,0xFF,0xFF,0xFF,0xFF,0x7F,0xFE,0xFF,
 142          0xFF,0xBF,0xFD,0xFF,0xFF,0xDF,0xFB,0xFF,0xFF,0xE0,0x07,0xFF,0xFF,0xFF,0xFF,0xFF,
 143          0xFF,0xFF,0xFF,0xFF,0xFF,0xFF,0xFF,0xFF,0xFF,0xFF,0xFF,0xFF,0xFF,0xFF,0xFF,0xFF};/*心仪.BMP",0*/
 144          
 145           static uchar code dat11[128]=
 146          {0xFF,0xFF,0xFF,0xFF,0xFF,0xFF,0xFF,0xFF,0xFF,0xFF,0xFF,0xFF,0xFF,0xFF,0xFF,0xFF,
 147          0xFF,0xFF,0xFF,0xFF,0xFF,0xFF,0xFF,0xFF,0xC3,0xFF,0xFF,0x83,0xF4,0x7F,0xFE,0x6F,
 148          0xF7,0x8F,0xF1,0xEF,0xF6,0xF7,0xEF,0x6F,0xF6,0x73,0xCE,0x6F,0xF7,0xF7,0xEF,0xEF,
 149          0xFB,0xCF,0xF3,0xDF,0xFC,0x3F,0xFC,0x3F,0xFF,0xFF,0xFF,0xFF,0xFF,0xFF,0xFF,0xFF,
 150          0xFF,0xFF,0xFF,0xFF,0xFF,0xFE,0x7F,0xFF,0xFF,0xFE,0x7F,0xFF,0xFF,0xFF,0xFF,0xFF,
 151          0xFF,0xFF,0xFF,0xFF,0xFF,0xFF,0xFF,0xFF,0xFF,0xFF,0xFF,0xFF,0xFF,0xBF,0xFD,0xFF,
 152          0xFF,0x40,0x02,0xFF,0xFF,0x6B,0x56,0xFF,0xFF,0x80,0x01,0xFF,0xFF,0xFF,0xFF,0xFF,
 153          0xFF,0xFF,0xFF,0xFF,0xFF,0xFF,0xFF,0xFF,0xFF,0xFF,0xFF,0xFF,0xFF,0xFF,0xFF,0xFF};/*"愤怒.BMP",0*/
 154          
 155           static uchar code dat12[128]=
 156          {0xFF,0xFF,0xFF,0xFF,0xFF,0xFF,0xFF,0xFF,
 157          0xFF,0xFF,0xFF,0xFF,0xFF,0xC1,0xF9,0xFF,
 158          0xFF,0x80,0xF1,0xEF,0xFF,0x0C,0x21,0xE7,
 159          0xFE,0x3E,0x03,0xC7,0xFE,0x7F,0x0F,0x8F,
 160          0xFF,0xFE,0x30,0x1F,0xFF,0xFC,0x70,0x3F,
 161          0xFF,0xF8,0xF8,0x7F,0xFF,0xF9,0xFF,0xFF,
 162          0xFF,0xF9,0xFF,0xFF,0xFF,0xF9,0xFF,0xFF,
 163          0xFF,0xF8,0xFF,0xFF,0xFF,0xFF,0xFF,0xFF,
 164          0xFF,0xFC,0x7F,0xFF,0xFF,0xF6,0x3F,0xFF,
 165          0xFF,0xE7,0x3F,0xFF,0xFF,0xE7,0x9F,0xFF,
 166          0xFF,0xC7,0x9F,0xFF,0xFF,0xCF,0x3F,0xFF,
 167          0xFF,0x8E,0x3F,0xFF,0xFF,0x9C,0x7F,0xFF,
 168          0xFF,0x38,0x7F,0xFF,0xFE,0x30,0xFF,0xFF,
 169          0xFC,0x63,0xFF,0xFF,0xF8,0xF7,0xFF,0xFF,
 170          0xF1,0xFF,0xFF,0xFF,0xF3,0xFF,0xFF,0xFF,
 171          0xF7,0xFF,0xFF,0xFF,0xFF,0xFF,0xFF,0xFF};/*"奔跑",0*/
 172          
C51 COMPILER V9.01   BIAOQING                                                              05/04/2017 20:41:03 PAGE 4   

 173           static uchar code dat13[128]=
 174          {0xFF,0xFF,0xFF,0xFF,0xFF,0xFF,0x8F,0xFF,
 175          0xFF,0xFF,0x8F,0xFF,0xFF,0xFF,0xCF,0xFF,
 176          0xFF,0xF1,0x9F,0xFF,0xFF,0x80,0x1F,0xDF,
 177          0xFF,0x1F,0x07,0x9F,0xFF,0xFF,0x00,0x1F,
 178          0xFF,0xFF,0x38,0x3F,0xFF,0xFE,0x3F,0xFF,
 179          0xFF,0xFE,0x7F,0xFF,0xFF,0xFE,0x7F,0xFF,
 180          0xFF,0xFC,0xFF,0xFF,0xF3,0xF8,0x9F,0xFF,
 181          0xF0,0xF1,0x8F,0xFF,0xFF,0xFF,0xFF,0xFF,
 182          0xF8,0x03,0xC7,0xFF,0xFE,0x07,0xE7,0xFF,
 183          0xFF,0xFF,0xE3,0xFF,0xFF,0xFF,0xF3,0xFF,
 184          0xFF,0xFF,0xF3,0xFF,0xFF,0xFF,0xF7,0xFF,
 185          0xFF,0xFF,0xE7,0xFF,0xFF,0xFF,0xE7,0xFF,
 186          0xFF,0xF3,0xCF,0xFF,0xFF,0xE1,0xCF,0xFF,
 187          0xFF,0xE1,0x9F,0xFF,0xFF,0xF3,0x9F,0xFF,
 188          0xFF,0xFF,0xFF,0xFF,0xFF,0xFF,0xFF,0xFF,
 189          0xFF,0xFF,0xFF,0xFF,0xFF,0xFF,0xFF,0xFF};/*"踢球.bmp",0*/
 190          
 191           static uchar code dat14[128]=
 192          {0xFF,0xFF,0xFF,0xFF,0xE7,0xFF,0xFF,0xCF,
 193          0xE7,0xFF,0xFF,0xCF,0xE7,0xFF,0xFF,0xCF,
 194          0xE0,0x00,0x00,0x0F,0xF1,0x3F,0xF9,0x1F,
 195          0xF3,0x3F,0xFB,0x9F,0xF3,0x9C,0xF3,0x9F,
 196          0xF3,0x9C,0x73,0x9F,0xF3,0x9C,0x73,0x9F,
 197          0xFF,0xCE,0x67,0xFF,0xFF,0xC6,0x47,0xFF,
 198          0xFF,0xE0,0x0F,0xFF,0xFF,0xFC,0x3F,0xFF,
 199          0xFF,0xFE,0x7F,0xFF,0xFF,0xFF,0xFF,0xFF,
 200          0xFF,0xFE,0x7F,0xFF,0xFF,0xFE,0xFF,0xFF,
 201          0xFF,0xFC,0xFF,0xFF,0xFF,0xFC,0xDF,0xFF,
 202          0xFF,0xF8,0x81,0xFF,0xFF,0xF1,0xF0,0xFF,
 203          0xFF,0xC3,0xFC,0x7F,0xFF,0x8F,0xFE,0x7F,
 204          0xFE,0x1F,0xFE,0x7F,0xFC,0x7F,0xFE,0x7F,
 205          0xF8,0xFF,0xFE,0x7F,0xF1,0xFF,0xFE,0x7F,
 206          0xE3,0xFF,0xFE,0x7F,0xFF,0xFF,0xFF,0x7F,
 207          0xFF,0xFF,0xFF,0xFF,0xFF,0xFF,0xFF,0xFF};/*"举重.bmp",0*/
 208          
 209           static uchar code dat15[128]=
 210          {0xFF,0xFF,0xFF,0xFF,0xFF,0xFF,0xE3,0xFF,
 211          0xFE,0x7F,0xDB,0xFF,0xFE,0x7F,0xDD,0xFF,
 212          0xFF,0xFF,0xDD,0xFF,0xFF,0xFF,0xEB,0xFF,
 213          0xFF,0xFF,0xF3,0xFF,0xFF,0xFF,0xFB,0xFF,
 214          0xFE,0x7F,0x39,0xFF,0xFF,0x1F,0x3D,0xFF,
 215          0xFF,0x86,0x7C,0xFF,0xFF,0xE0,0x7C,0xFF,
 216          0xFF,0xF8,0x08,0xFF,0xFF,0xFE,0x01,0xFF,
 217          0xFF,0xFE,0xFF,0xFF,0xFF,0xFF,0xFF,0xFF,
 218          0xFF,0xFE,0xFF,0xFF,0xFF,0xFC,0xFF,0xFF,
 219          0xFF,0xF8,0xFF,0xFF,0xFF,0xE1,0xFF,0xFF,
 220          0xFF,0x86,0x7F,0xFF,0xFF,0x9E,0x7F,0xFF,
 221          0xFF,0x3F,0x3F,0xFF,0xFF,0x7F,0x3F,0xFF,
 222          0xFE,0x7F,0x9F,0xFF,0xFE,0x7F,0xCF,0xFF,
 223          0xFE,0x7F,0xE7,0xFF,0xFE,0x7F,0xF1,0xFF,
 224          0xFE,0x7F,0xF8,0x7F,0xFF,0xFF,0xFE,0x7F,
 225          0xFF,0xFF,0xFF,0xFF,0xFF,0xFF,0xFF,0xFF};/*"打羽毛球.bmp",0*/
 226          
 227           static uchar code dat16[128]=
 228          {0xFF,0xFF,0x3F,0xFF,0xFF,0xFE,0x3F,0xFF,
 229          0xFF,0xFE,0x3F,0xFF,0xFC,0x7F,0x1F,0xFF,
 230          0xFC,0x3F,0x8F,0xFF,0xFC,0x3F,0x07,0xFF,
 231          0xFE,0x00,0x03,0xFF,0xFF,0xE0,0x71,0xFF,
 232          0xFB,0xFF,0xF0,0xFF,0xFF,0xFF,0xE0,0xFF,
 233          0xFF,0xFF,0x84,0xFF,0xFF,0x38,0x0C,0xFF,
 234          0xFE,0x00,0x3E,0x7F,0xFF,0x01,0xFC,0x7F,
C51 COMPILER V9.01   BIAOQING                                                              05/04/2017 20:41:03 PAGE 5   

 235          0xFF,0xFF,0xCC,0xFF,0xFF,0xFF,0xFF,0xFF,
 236          0xFF,0xFF,0x0C,0xFF,0xFF,0xFE,0x18,0xFF,
 237          0xFF,0xFC,0x39,0xFF,0xFF,0xF8,0xF9,0xFF,
 238          0xFF,0xF1,0xF1,0xFF,0xFF,0xE3,0xF1,0xFF,
 239          0xFF,0xE7,0xF1,0xFF,0xFF,0xC7,0xF9,0xFF,
 240          0xFF,0x8F,0xF9,0xFF,0xFF,0x9F,0xF8,0xFF,
 241          0xFF,0x1F,0xFC,0x7F,0xFF,0x3F,0xFE,0x7F,
 242          0xFF,0x3F,0xFE,0x3F,0xFF,0x3F,0xFF,0x1F,
 243          0xFF,0xFF,0xFF,0x9F,0xFF,0xFF,0xFF,0xFF};/*"打乒乓球.bmp",0*/
 244          
 245          static uchar code dat17[128]=
 246          
 247          {0xFF,0xFF,0xFF,0xFF,0xFF,0xFF,0xFF,0xFF,
 248          0xFF,0xF8,0x1F,0xFF,0xFF,0xE0,0x03,0xFF,
 249          0xFF,0x8F,0xF1,0xFF,0xFF,0x3F,0xFC,0xFF,
 250          0xFE,0x7F,0xFE,0x7F,0xFC,0xE0,0x1F,0x3F,
 251          0xFC,0xE0,0x07,0xBF,0xF9,0xE3,0xC3,0x9F,
 252          0xF9,0xE3,0xE3,0xDF,0xFB,0xE3,0xF3,0xCF,
 253          0xF3,0xE3,0xE3,0xCF,0xF3,0xE3,0xC7,0xCF,
 254          0xF3,0xE0,0x0F,0xEF,0xFF,0xFF,0xFF,0xFF,
 255          0xF3,0xE3,0x1F,0xEF,0xF3,0xE3,0x8F,0xCF,
 256          0xF3,0xE3,0x8F,0xCF,0xFB,0xE3,0xCF,0xCF,
 257          0xF9,0xE3,0xC7,0xDF,0xF9,0xE3,0xE7,0x9F,
 258          0xFC,0xE3,0xE3,0x3F,0xFE,0x7F,0xFF,0x3F,
 259          0xFE,0x3F,0xFC,0x7F,0xFF,0x9F,0xF8,0xFF,
 260          0xFF,0xC3,0xE3,0xFF,0xFF,0xF0,0x07,0xFF,
 261          0xFF,0xFF,0xFF,0xFF,0xFF,0xFF,0xFF,0xFF,
 262          0xFF,0xFF,0xFF,0xFF,0xFF,0xFF,0xFF,0xFF};/*"R.bmp",0*/
 263          
 264          static uchar code dat18[128]=
 265          {0xFF,0xFF,0xFF,0xFF,0xFF,0xE0,0x07,0xFF,
 266          0xFF,0x80,0x01,0xFF,0xFE,0x04,0x30,0x7F,
 267          0xFC,0x0C,0x70,0x3F,0xF8,0x8A,0x40,0x1F,
 268          0xF0,0x40,0x03,0x0F,0xF0,0x40,0x40,0x0F,
 269          0xE0,0x00,0xE0,0x07,0xE4,0x03,0xE0,0x37,
 270          0xC0,0x0F,0xE0,0x5B,0xC4,0x3F,0xC0,0x43,
 271          0xC0,0x7F,0x80,0x03,0xC0,0x78,0x00,0x03,
 272          0xD0,0xE0,0x7E,0x03,0xFF,0xFF,0xFF,0xFF,
 273          0xD0,0xCC,0xFE,0x0B,0xD0,0xDE,0xFC,0x0B,
 274          0xD0,0x4D,0xFC,0x0B,0xC8,0x37,0xFC,0x1B,
 275          0xC8,0x1D,0xFC,0x13,0xEC,0x01,0xF8,0x17,
 276          0xE4,0x03,0xF0,0x27,0xF4,0x1F,0xE0,0x6F,
 277          0xFB,0x00,0x00,0x8F,0xF9,0x80,0x01,0x9F,
 278          0xFC,0xE0,0x02,0x3F,0xFF,0x38,0x1C,0x7F,
 279          0xFF,0x83,0xE1,0xFF,0xFF,0xE0,0x07,0xFF,
 280          0xFF,0xFF,0xFF,0xFF,0xFF,0xFF,0xFF,0xFF};/*"校徽.bmp",0*/
 281          
 282          
 283          static uchar code dat19[128]=
 284          {0xFF,0xFF,0xFF,0xFF,0xFF,0xFF,0xFF,0xFF,0xFF,0xFF,0xFF,0xFF,0xFF,0xFF,0xFF,0xFF,0xFF,0xFF,0xFF,0xFF,0xFE,
             -0x3F,0xFC,0x7F,0xFC,0xDF,0xFB,0x3F,0xF9,0xEF,0xF7,0x9F,
 285          0xF3,0xF7,0xEF,0xCF,0xFF,0xFF,0xFF,0xFF,0xFF,0xFF,0xFF,0xFF,0xFF,0xFF,0xFF,0xFF,0xFC,0x7F,0xFE,0x3F,0xFF,0
             -xFF,0xFF,0xFF,0xFE,0x7F,0xFE,0x7F,0xFF,0xFF,0xFF,0xFF,
 286          0xFF,0xFE,0x7F,0xFF,0xFC,0x3E,0x7C,0x3F,0xFF,0xFF,0xFF,0xFF,0xFF,0xFF,0xFF,0xFF,0xFF,0xFF,0xFF,0xFF,0xFF,0
             -xFF,0xFF,0xFF,0xFF,0xFF,0xFF,0xFF,0xFF,0xF7,0xEF,0xFF,
 287          0xFF,0xF3,0xCF,0xFF,0xFF,0xF9,0x9F,0xFF,0xFF,0xFC,0x3F,0xFF,0xFF,0xFF,0xFF,0xFF,0xFF,0xFF,0xFF,0xFF,0xFF,0
             -xFF,0xFF,0xFF,0xFF,0xFF,0xFF,0xFF,0xFF,0xFF,0xFF,0xFF};/*"卖萌害羞",0*/
 288          
 289          static uchar code dat20[128]=
 290          {0xFF,0xFF,0xFF,0xFF,0xFF,0xFF,0xFF,0xFF,0xFF,0xFF,0xFF,0xFF,0xFF,0xFF,0xFF,0xFF,0xFF,0xFF,0xFF,0xFF,0xFF,
             -0xDF,0xFF,0xDF,0xFF,0xEF,0xFF,0xEF,0xE0,0x07,0xE0,0x07,
 291          0xFF,0xEF,0xFF,0xEF,0xFF,0xDF,0xFF,0xDF,0xFF,0xFF,0xFF,0xFF,0xFF,0xFF,0xFF,0xFF,0xFF,0xFF,0xFF,0xFF,0xFF,0
C51 COMPILER V9.01   BIAOQING                                                              05/04/2017 20:41:03 PAGE 6   

             -xFF,0xFF,0xFF,0xFF,0xFE,0x7F,0xFF,0xFF,0xFF,0xFF,0xFF,
 292          0xFF,0xFE,0x7F,0xFF,0xFF,0xFF,0xFF,0xFF,0xFF,0xFF,0xFF,0xFF,0xFF,0xFF,0xFF,0xFF,0xFF,0xFF,0xFF,0xFF,0xFF,0
             -xFF,0xFF,0xFF,0xFF,0xFF,0xFF,0xFF,0xFF,0xF0,0x0F,0xFF,
 293          0xFF,0xEF,0xF7,0xFF,0xFF,0xDF,0xFB,0xFF,0xFF,0xBF,0xFD,0xFF,0xFF,0xFF,0xFF,0xFF,0xFF,0xFF,0xFF,0xFF,0xFF,0
             -xFF,0xFF,0xFF,0xFF,0xFF,0xFF,0xFF,0xFF,0xFF,0xFF,0xFF};/*"蔑视",0*/
 294          /************************************************************************************/
 295          /*************************595发送数据进程(红）***************************************/
 296          void send595r(uchar dat1,uchar dat2)       
 297          {
 298   1       int i;
 299   1       char temp_dat;
 300   1       temp_dat=dat1; 
 301   1       oe=0;                                          //要发送的数据1 
 302   1       for(i=0;i<8;i++)
 303   1        {                                                     //开始发送数据
 304   2          SH_CP=0;
 305   2          if(temp_dat&0x80)
 306   2            { DSR0=1; } 
 307   2          else
 308   2            { DSR0=0; }                       //发送下一个数据
 309   2          SH_CP=1;
 310   2          temp_dat=temp_dat<<1;       //数据左移
 311   2        }
 312   1       temp_dat=dat2;                         //要发送的数据2
 313   1       for(i=0;i<8;i++)
 314   1        {                                                     //开始发送数据
 315   2          SH_CP=0;
 316   2          if(temp_dat&0x80)
 317   2            { DSR0=1;  } 
 318   2          else
 319   2                { DSR0=0; }                   //发送下一个数据
 320   2          SH_CP=1;
 321   2          temp_dat=temp_dat<<1;       //数据左移
 322   2        }     
 323   1        oe=1;
 324   1      }       
 325          void send595r0(uchar dat1,uchar dat2)       
 326          {
 327   1       int i;
 328   1       char temp_dat;
 329   1       temp_dat=dat1; 
 330   1       oe=0;                                          //要发送的数据1 
 331   1       for(i=0;i<8;i++)
 332   1        {                                                     //开始发送数据
 333   2          SH_CP=0;
 334   2          if(temp_dat&0x80)
 335   2            { DSR=1; } 
 336   2          else
 337   2            { DSR=0; }                        //发送下一个数据
 338   2          SH_CP=1;
 339   2          temp_dat=temp_dat<<1;       //数据左移
 340   2        }
 341   1      temp_dat=dat2;                          //要发送的数据2
 342   1       for(i=0;i<8;i++)
 343   1        {                                                     //开始发送数据
 344   2          SH_CP=0;
 345   2          if(temp_dat&0x80)
 346   2            { DSR=1;  } 
 347   2          else
 348   2                { DSR=0; }                    //发送下一个数据
 349   2          SH_CP=1;
 350   2          temp_dat=temp_dat<<1;       //数据左移
C51 COMPILER V9.01   BIAOQING                                                              05/04/2017 20:41:03 PAGE 7   

 351   2        }     
 352   1        oe=1;
 353   1      }       
 354          /************************************************************************************/
 355          
 356          /*******************************确认发送595数据**************************************/
 357          void out595(void)                              
 358          {                                                
 359   1         ST_CP=1;
 360   1         _nop_();
 361   1         _nop_();
 362   1         ST_CP=0;
 363   1      }
 364          /************************************************************************************/
 365          
 366          /******************************串口接收中断*********************************/
 367           
 368          void ser() interrupt 4
 369          {
 370   1              if(RI)
 371   1              {
 372   2              RI=0;                                   //取消中断申请
 373   2              which_face=SBUF;                //读取接收的数据 赋给人脸判定变量which_face
 374   2              }
 375   1              SBUF = which_face;              //把读取到的数据，回传给电脑终端显示
 376   1              while(TI==0);
 377   1              TI = 0;
 378   1      }       
 379           
 380          /*********************************主程序*********************************************/
 381          main()                                                                                                  
 382          { 
 383   1              uchar i,m,n,j,k;  
 384   1          TMOD=0x20;                  //设T0为方式2，GATE=1；      
 385   1              TH1=0xfd;                       //2MS定时
 386   1              TL1=0xfd;                       //设置波特率为9600；
 387   1              SM0=1;
 388   1              SM1=1;                          //串口工作方式1
 389   1              REN=1;                          //允许接收数据
 390   1              TR1=1;                          //开启定时器
 391   1              EA=1;                           //开启总中断 
 392   1              ES=1;                   //打开串口中断
 393   1              while(1)
 394   1              {       
 395   2                      which_face=SBUF;
 396   2                      switch(which_face)
 397   2                      {
 398   3                      case 0:
 399   3                      {
 400   4                              for(i=0;i<16; i++)                                              
 401   4                      {
 402   5                              A1=bit_dat[i];
 403   5                              m=4*i;n=m+1;j=n+1;k=j+1;
 404   5                      send595r(dat0[64+m],dat0[64+n]);                        //发送595数据
 405   5                      send595r(dat0[64+j],dat0[64+k]); 
 406   5                      out595();
 407   5                              send595r0(dat0[m],dat0[n]);
 408   5                      send595r0(dat0[j],dat0[k]);   
 409   5                      out595();                                                 
 410   5                      }
 411   4                              break;  
 412   4                      }
C51 COMPILER V9.01   BIAOQING                                                              05/04/2017 20:41:03 PAGE 8   

 413   3                      case 1:
 414   3                      {
 415   4                              for(i=0;i<16; i++)                                              
 416   4                      {
 417   5                                      A1=bit_dat[i];
 418   5                                      m=4*i;n=m+1;j=n+1;k=j+1;
 419   5                              send595r(dat1[64+m],dat1[64+n]);                 //发送595数据
 420   5                              send595r(dat1[64+j],dat1[64+k]); 
 421   5                              out595();
 422   5                                      send595r0(dat1[m],dat1[n]);
 423   5                              send595r0(dat1[j],dat1[k]);   
 424   5                              out595();                                                 
 425   5                      }
 426   4                              break; 
 427   4                      }
 428   3                      case 2:
 429   3                      {
 430   4                              for(i=0;i<16; i++)                                              
 431   4                      {
 432   5                                      A1=bit_dat[i];
 433   5                                  m=4*i;n=m+1;j=n+1;k=j+1;
 434   5                              send595r(dat2[64+m],dat2[64+n]);                 //发送595数据
 435   5                          send595r(dat2[64+j],dat2[64+k]); 
 436   5                          out595();
 437   5                                  send595r0(dat2[m],dat2[n]);
 438   5                          send595r0(dat2[j],dat2[k]);   
 439   5                          out595();                                             
 440   5                      }
 441   4                              break;  
 442   4                      }
 443   3                      case 3:
 444   3                      {
 445   4                              for(i=0;i<16; i++)                                              
 446   4                      {
 447   5                                      A1=bit_dat[i];
 448   5                                  m=4*i;n=m+1;j=n+1;k=j+1;
 449   5                              send595r(dat3[64+m],dat3[64+n]);                 //发送595数据
 450   5                          send595r(dat3[64+j],dat3[64+k]); 
 451   5                          out595();
 452   5                                  send595r0(dat3[m],dat3[n]);
 453   5                          send595r0(dat3[j],dat3[k]);   
 454   5                          out595();                                             
 455   5                      }
 456   4                              break;  
 457   4                      }
 458   3                      case 4:
 459   3                      {
 460   4                              for(i=0;i<16; i++)                                              
 461   4                      {
 462   5                                      A1=bit_dat[i];
 463   5                                  m=4*i;n=m+1;j=n+1;k=j+1;
 464   5                              send595r(dat4[64+m],dat4[64+n]);                 //发送595数据
 465   5                          send595r(dat4[64+j],dat4[64+k]); 
 466   5                          out595();
 467   5                                  send595r0(dat4[m],dat4[n]);
 468   5                          send595r0(dat4[j],dat4[k]);   
 469   5                          out595();                                             
 470   5                      }
 471   4                              break; 
 472   4                      }
 473   3                      case 5:
 474   3                      {
C51 COMPILER V9.01   BIAOQING                                                              05/04/2017 20:41:03 PAGE 9   

 475   4                              for(i=0;i<16; i++)                                              
 476   4                      {
 477   5                                      A1=bit_dat[i];
 478   5                                  m=4*i;n=m+1;j=n+1;k=j+1;
 479   5                              send595r(dat5[64+m],dat5[64+n]);                 //发送595数据
 480   5                          send595r(dat5[64+j],dat5[64+k]); 
 481   5                          out595();
 482   5                                  send595r0(dat5[m],dat5[n]);
 483   5                          send595r0(dat5[j],dat5[k]);   
 484   5                          out595();                                             
 485   5                      }
 486   4                              break;
 487   4                      }
 488   3                      case 6:
 489   3                      {
 490   4                              for(i=0;i<16; i++)                                              
 491   4                      {
 492   5                                      A1=bit_dat[i];
 493   5                                  m=4*i;n=m+1;j=n+1;k=j+1;
 494   5                              send595r(dat6[64+m],dat6[64+n]);                 //发送595数据
 495   5                          send595r(dat6[64+j],dat6[64+k]); 
 496   5                          out595();
 497   5                                  send595r0(dat6[m],dat6[n]);
 498   5                          send595r0(dat6[j],dat6[k]);   
 499   5                          out595();                                             
 500   5                      }
 501   4                              break;
 502   4                      }
 503   3                      case 7:
 504   3                      {
 505   4                              for(i=0;i<16;i++)
 506   4                          {
 507   5                                 A1=bit_dat[i];
 508   5                                 m=4*i;n=m+1;j=n+1;k=j+1;
 509   5                                 send595r(dat7[64+m],dat7[64+n]);
 510   5                                 send595r(dat7[64+j],dat7[64+k]);
 511   5                                 out595();
 512   5                                 send595r0(dat7[m],dat7[n]);
 513   5                                 send595r0(dat7[j],dat7[k]);
 514   5                                 out595();
 515   5                              }
 516   4                              break;
 517   4                      }
 518   3                      case 8:
 519   3                      {
 520   4                              for(i=0;i<16;i++)
 521   4                          {
 522   5                                 A1=bit_dat[i];
 523   5                                 m=4*i;n=m+1;j=n+1;k=j+1;
 524   5                                 send595r(dat8[64+m],dat8[64+n]);
 525   5                                 send595r(dat8[64+j],dat8[64+k]);
 526   5                                 out595();
 527   5                                 send595r0(dat8[m],dat8[n]);
 528   5                                 send595r0(dat8[j],dat8[k]);
 529   5                                 out595();
 530   5                              }
 531   4                              break;
 532   4                      }
 533   3                      case 9:
 534   3                      {
 535   4                              for(i=0;i<16;i++)
 536   4                          {
C51 COMPILER V9.01   BIAOQING                                                              05/04/2017 20:41:03 PAGE 10  

 537   5                                 A1=bit_dat[i];
 538   5                                 m=4*i;n=m+1;j=n+1;k=j+1;
 539   5                                 send595r(dat9[64+m],dat9[64+n]);
 540   5                                 send595r(dat9[64+j],dat9[64+k]);
 541   5                                 out595();
 542   5                                 send595r0(dat9[m],dat9[n]);
 543   5                                 send595r0(dat9[j],dat9[k]);
 544   5                                 out595();
 545   5                              }
 546   4                              break;
 547   4                      }
 548   3                      case 10:
 549   3                      {
 550   4                              for(i=0;i<16;i++)
 551   4                          {
 552   5                                 A1=bit_dat[i];
 553   5                                 m=4*i;n=m+1;j=n+1;k=j+1;
 554   5                                 send595r(dat10[64+m],dat10[64+n]);
 555   5                                 send595r(dat10[64+j],dat10[64+k]);
 556   5                                 out595();
 557   5                                 send595r0(dat10[m],dat10[n]);
 558   5                                 send595r0(dat10[j],dat10[k]);
 559   5                                 out595();
 560   5                              }
 561   4                              break;
 562   4                      }
 563   3                      case 11:
 564   3                      {
 565   4                              for(i=0;i<16;i++)
 566   4                          {
 567   5                                 A1=bit_dat[i];
 568   5                                 m=4*i;n=m+1;j=n+1;k=j+1;
 569   5                                 send595r(dat11[64+m],dat11[64+n]);
 570   5                                 send595r(dat11[64+j],dat11[64+k]);
 571   5                                 out595();
 572   5                                 send595r0(dat11[m],dat11[n]);
 573   5                                 send595r0(dat11[j],dat11[k]);
 574   5                                 out595();
 575   5                              }
 576   4                              break;
 577   4                      }
 578   3                      case 12:
 579   3                      {
 580   4                              for(i=0;i<16;i++)
 581   4                          {
 582   5                                 A1=bit_dat[i];
 583   5                                 m=4*i;n=m+1;j=n+1;k=j+1;
 584   5                                 send595r(dat12[64+m],dat12[64+n]);
 585   5                                 send595r(dat12[64+j],dat12[64+k]);
 586   5                                 out595();
 587   5                                 send595r0(dat12[m],dat12[n]);
 588   5                                 send595r0(dat12[j],dat12[k]);
 589   5                                 out595();
 590   5                              }
 591   4                              break;
 592   4                      }
 593   3                      case 13:
 594   3                      {
 595   4                              for(i=0;i<16;i++)
 596   4                          {
 597   5                                 A1=bit_dat[i];
 598   5                                 m=4*i;n=m+1;j=n+1;k=j+1;
C51 COMPILER V9.01   BIAOQING                                                              05/04/2017 20:41:03 PAGE 11  

 599   5                                 send595r(dat13[64+m],dat13[64+n]);
 600   5                                 send595r(dat13[64+j],dat13[64+k]);
 601   5                                 out595();
 602   5                                 send595r0(dat13[m],dat13[n]);
 603   5                                 send595r0(dat13[j],dat13[k]);
 604   5                                 out595();
 605   5                              }
 606   4                              break;
 607   4                      }
 608   3                      case 14:
 609   3                      {
 610   4                              for(i=0;i<16;i++)
 611   4                          {
 612   5                                 A1=bit_dat[i];
 613   5                                 m=4*i;n=m+1;j=n+1;k=j+1;
 614   5                                 send595r(dat14[64+m],dat14[64+n]);
 615   5                                 send595r(dat14[64+j],dat14[64+k]);
 616   5                                 out595();
 617   5                                 send595r0(dat14[m],dat14[n]);
 618   5                                 send595r0(dat14[j],dat14[k]);
 619   5                                 out595();
 620   5                              }
 621   4                              break;
 622   4                      }
 623   3                      case 15:
 624   3                      {
 625   4                              for(i=0;i<16;i++)
 626   4                          {
 627   5                                 A1=bit_dat[i];
 628   5                                 m=4*i;n=m+1;j=n+1;k=j+1;
 629   5                                 send595r(dat15[64+m],dat15[64+n]);
 630   5                                 send595r(dat15[64+j],dat15[64+k]);
 631   5                                 out595();
 632   5                                 send595r0(dat15[m],dat15[n]);
 633   5                                 send595r0(dat15[j],dat15[k]);
 634   5                                 out595();
 635   5                              }
 636   4                              break;
 637   4                      }
 638   3                      case 16:
 639   3                      {
 640   4                              for(i=0;i<16;i++)
 641   4                          {
 642   5                                 A1=bit_dat[i];
 643   5                                 m=4*i;n=m+1;j=n+1;k=j+1;
 644   5                                 send595r(dat16[64+m],dat16[64+n]);
 645   5                                 send595r(dat16[64+j],dat16[64+k]);
 646   5                                 out595();
 647   5                                 send595r0(dat16[m],dat16[n]);
 648   5                                 send595r0(dat16[j],dat16[k]);
 649   5                                 out595();
 650   5                              }
 651   4                              break;
 652   4                      }
 653   3                      case 17:
 654   3                      {
 655   4                              for(i=0;i<16;i++)
 656   4                          {
 657   5                                 A1=bit_dat[i];
 658   5                                 m=4*i;n=m+1;j=n+1;k=j+1;
 659   5                                 send595r(dat17[64+m],dat17[64+n]);
 660   5                                 send595r(dat17[64+j],dat17[64+k]);
C51 COMPILER V9.01   BIAOQING                                                              05/04/2017 20:41:03 PAGE 12  

 661   5                                 out595();
 662   5                                 send595r0(dat17[m],dat17[n]);
 663   5                                 send595r0(dat17[j],dat17[k]);
 664   5                                 out595();
 665   5                              }
 666   4                              break;
 667   4                      }
 668   3                      case 18:
 669   3                      {
 670   4                              for(i=0;i<16;i++)
 671   4                          {
 672   5                                 A1=bit_dat[i];
 673   5                                 m=4*i;n=m+1;j=n+1;k=j+1;
 674   5                                 send595r(dat18[64+m],dat18[64+n]);
 675   5                                 send595r(dat18[64+j],dat18[64+k]);
 676   5                                 out595();
 677   5                                 send595r0(dat18[m],dat18[n]);
 678   5                                 send595r0(dat18[j],dat18[k]);
 679   5                                 out595();
 680   5                              }
 681   4                              break;
 682   4                      }
 683   3                      case 19:
 684   3                      {
 685   4                              for(i=0;i<16;i++)
 686   4                          {
 687   5                                 A1=bit_dat[i];
 688   5                                 m=4*i;n=m+1;j=n+1;k=j+1;
 689   5                                 send595r(dat19[64+m],dat19[64+n]);
 690   5                                 send595r(dat19[64+j],dat19[64+k]);
 691   5                                 out595();
 692   5                                 send595r0(dat19[m],dat19[n]);
 693   5                                 send595r0(dat19[j],dat19[k]);
 694   5                                 out595();
 695   5                              }
 696   4                              break;
 697   4                      }
 698   3                      case 20:
 699   3                      {
 700   4                              for(i=0;i<16;i++)
 701   4                          {
 702   5                                 A1=bit_dat[i];
 703   5                                 m=4*i;n=m+1;j=n+1;k=j+1;
 704   5                                 send595r(dat20[64+m],dat20[64+n]);
 705   5                                 send595r(dat20[64+j],dat20[64+k]);
 706   5                                 out595();
 707   5                                 send595r0(dat20[m],dat20[n]);
 708   5                                 send595r0(dat20[j],dat20[k]);
 709   5                                 out595();
 710   5                              }
 711   4                              break;
 712   4                      }
 713   3                      default:
 714   3                      {
 715   4                              for(i=0;i<16;i++)
 716   4                          {
 717   5                                 A1=bit_dat[i];
 718   5                                 m=4*i;n=m+1;j=n+1;k=j+1;
 719   5                                 send595r(dat1[64+m],dat1[64+n]);
 720   5                                 send595r(dat1[64+j],dat1[64+k]);
 721   5                                 out595();
 722   5                                 send595r0(dat1[m],dat1[n]);
C51 COMPILER V9.01   BIAOQING                                                              05/04/2017 20:41:03 PAGE 13  

 723   5                                 send595r0(dat1[j],dat1[k]);
 724   5                                 out595();
 725   5                              }
 726   4                              break;
 727   4                      }
 728   3                      }
 729   2              }
 730   1      }
 731          /************************************************************************************/


MODULE INFORMATION:   STATIC OVERLAYABLE
   CODE SIZE        =   1536    ----
   CONSTANT SIZE    =   2704    ----
   XDATA SIZE       =   ----    ----
   PDATA SIZE       =   ----    ----
   DATA SIZE        =      2       4
   IDATA SIZE       =   ----    ----
   BIT SIZE         =   ----    ----
END OF MODULE INFORMATION.


C51 COMPILATION COMPLETE.  0 WARNING(S),  0 ERROR(S)
